C51 COMPILER V9.60.0.0   MAIN                                                              10/28/2022 16:50:08 PAGE 1   


C51 COMPILER V9.60.0.0, COMPILATION OF MODULE MAIN
OBJECT MODULE PLACED IN .\Objects\main.obj
COMPILER INVOKED BY: D:\C51\BIN\C51.EXE main.c OPTIMIZE(8,SPEED) BROWSE DEBUG OBJECTEXTEND PRINT(.\Listings\main.lst) TA
                    -BS(2) OBJECT(.\Objects\main.obj)

line level    source

   1          #include <REGX52.H>
   2          void Delay(unsigned int xms)    //@12.000MHz
   3          {
   4   1        unsigned char i, j;
   5   1        while(xms)
   6   1        {
   7   2          i = 2;
   8   2        j = 239;
   9   2        do
  10   2        {
  11   3          while (--j);
  12   3        } while (--i);
  13   2        xms--;
  14   2        } 
  15   1      }
  16          
  17          unsigned char LEDnum;
  18          
  19          void main()
  20          {
  21   1        while(1)
  22   1        {
  23   2          if(P3_1 == 0)
  24   2          {
  25   3            Delay(20);
  26   3            while(P3_1  == 0);
  27   3            Delay(20);
  28   3            
  29   3            LEDnum++;
  30   3            if(LEDnum>=8)
  31   3              LEDnum=0;
  32   3            P2=~(0x01<<LEDnum);
  33   3          }
  34   2          if(P3_0 == 0)
  35   2          {
  36   3            Delay(20);
  37   3            while(P3_0  == 0);
  38   3            Delay(20);
  39   3            if(LEDnum == 0)
  40   3              LEDnum=7;
  41   3            else
  42   3            LEDnum--;
  43   3            P2=~(0x01<<LEDnum);
  44   3          }
  45   2        }
  46   1      }
  47          


MODULE INFORMATION:   STATIC OVERLAYABLE
   CODE SIZE        =    109    ----
   CONSTANT SIZE    =   ----    ----
   XDATA SIZE       =   ----    ----
   PDATA SIZE       =   ----    ----
C51 COMPILER V9.60.0.0   MAIN                                                              10/28/2022 16:50:08 PAGE 2   

   DATA SIZE        =      1    ----
   IDATA SIZE       =   ----    ----
   BIT SIZE         =   ----    ----
END OF MODULE INFORMATION.


C51 COMPILATION COMPLETE.  0 WARNING(S),  0 ERROR(S)
